// Jest Snapshot v1, https://goo.gl/fbAQLP

exports[`AppBody when ready snapshots 1`] = `
<div>
  <Connect(Component) />
  <Connect(Component) />
  <Connect(Component) />
</div>
`;

exports[`AppBody with load error snapshots 1`] = `<LoadError />`;

exports[`AppBody with loading snapshots 1`] = `<Loading />`;
